\BOOKMARK [1][-]{Doc-Start}{\376\377\000R\000e\000m\000e\000r\000c\000i\000e\000m\000e\000n\000t\000s}{}% 1
\BOOKMARK [1][-]{Doc-Start}{\376\377\000R\000\351\000s\000u\000m\000\351}{}% 2
\BOOKMARK [1][-]{Doc-Start}{\376\377\000A\000b\000s\000t\000r\000a\000c\000t}{}% 3
\BOOKMARK [1][-]{chapter*.1}{\376\377\000L\000i\000s\000t\000e\000\040\000d\000e\000s\000\040\000f\000i\000g\000u\000r\000e\000s}{}% 4
\BOOKMARK [1][-]{chapter*.1}{\376\377\000L\000i\000s\000t\000e\000\040\000d\000e\000s\000\040\000t\000a\000b\000l\000e\000a\000u\000x}{}% 5
\BOOKMARK [1][-]{chapter*.1}{\376\377\000L\000i\000s\000t\000e\000\040\000d\000e\000s\000\040\000a\000b\000r\000\351\000v\000i\000a\000t\000i\000o\000n\000s}{}% 6
\BOOKMARK [0][-]{table.0.1}{\376\377\000I\000n\000t\000r\000o\000d\000u\000c\000t\000i\000o\000n\000\040\000g\000\351\000n\000\351\000r\000a\000l\000e}{}% 7
\BOOKMARK [0][-]{chapter.1}{\376\377\0001\000\040\000\311\000T\000U\000D\000E\000\040\000P\000R\000\311\000A\000L\000A\000B\000L\000E\000\040\000D\000U\000\040\000S\000U\000J\000E\000T}{}% 8
\BOOKMARK [1][-]{section.1.1}{\376\377\0001\000.\0001\000\040\000P\000r\000\351\000s\000e\000n\000t\000a\000t\000i\000o\000n\000\040\000d\000u\000\040\000d\000o\000m\000a\000i\000n\000e\000\040\000d\000'\000\351\000t\000u\000d\000e}{chapter.1}% 9
\BOOKMARK [2][-]{subsection.1.1.1}{\376\377\0001\000.\0001\000.\0001\000\040\000L\000e\000\040\000c\000a\000n\000c\000e\000r\000\040\000d\000u\000\040\000s\000e\000i\000n\000\040\000:\000\040\000c\000o\000n\000t\000e\000x\000t\000e\000\040\000e\000t\000\040\000e\000n\000j\000e\000u\000x}{section.1.1}% 10
\BOOKMARK [2][-]{subsection.1.1.2}{\376\377\0001\000.\0001\000.\0002\000\040\000L\000'\000I\000R\000M\000\040\000d\000a\000n\000s\000\040\000l\000e\000\040\000d\000i\000a\000g\000n\000o\000s\000t\000i\000c\000\040\000d\000u\000\040\000c\000a\000n\000c\000e\000r\000\040\000d\000u\000\040\000s\000e\000i\000n}{section.1.1}% 11
\BOOKMARK [2][-]{subsection.1.1.3}{\376\377\0001\000.\0001\000.\0003\000\040\000R\000a\000d\000i\000o\000m\000i\000q\000u\000e\000\040\000e\000t\000\040\000a\000n\000a\000l\000y\000s\000e\000\040\000q\000u\000a\000n\000t\000i\000t\000a\000t\000i\000v\000e}{section.1.1}% 12
\BOOKMARK [2][-]{subsection.1.1.4}{\376\377\0001\000.\0001\000.\0004\000\040\000L\000e\000s\000\040\000p\000i\000p\000e\000l\000i\000n\000e\000s\000\040\000d\000'\000a\000n\000a\000l\000y\000s\000e\000\040\000d\000e\000s\000\040\000i\000m\000a\000g\000e\000s\000\040\000m\000\351\000d\000i\000c\000a\000l\000e\000s}{section.1.1}% 13
\BOOKMARK [1][-]{section.1.2}{\376\377\0001\000.\0002\000\040\000P\000r\000o\000b\000l\000\351\000m\000a\000t\000i\000q\000u\000e\000\040\000d\000u\000\040\000s\000u\000j\000e\000t}{chapter.1}% 14
\BOOKMARK [1][-]{section.1.3}{\376\377\0001\000.\0003\000\040\000I\000n\000t\000\351\000r\000\352\000t\000\040\000d\000e\000\040\000l\000'\000\351\000t\000u\000d\000e}{chapter.1}% 15
\BOOKMARK [1][-]{section.1.4}{\376\377\0001\000.\0004\000\040\000O\000b\000j\000e\000c\000t\000i\000f\000s\000\040\000d\000u\000\040\000p\000r\000o\000j\000e\000t}{chapter.1}% 16
\BOOKMARK [2][-]{subsection.1.4.1}{\376\377\0001\000.\0004\000.\0001\000\040\000O\000b\000j\000e\000c\000t\000i\000f\000\040\000g\000\351\000n\000\351\000r\000a\000l}{section.1.4}% 17
\BOOKMARK [2][-]{subsection.1.4.2}{\376\377\0001\000.\0004\000.\0002\000\040\000O\000b\000j\000e\000c\000t\000i\000f\000s\000\040\000s\000p\000\351\000c\000i\000f\000i\000q\000u\000e\000s}{section.1.4}% 18
\BOOKMARK [1][-]{section.1.5}{\376\377\0001\000.\0005\000\040\000R\000e\000v\000u\000e\000\040\000d\000e\000\040\000l\000a\000\040\000l\000i\000t\000t\000\351\000r\000a\000t\000u\000r\000e}{chapter.1}% 19
\BOOKMARK [2][-]{subsection.1.5.1}{\376\377\0001\000.\0005\000.\0001\000\040\000S\000t\000a\000n\000d\000a\000r\000d\000s\000\040\000e\000t\000\040\000f\000o\000r\000m\000a\000t\000s\000\040\000d\000e\000\040\000d\000o\000n\000n\000\351\000e\000s}{section.1.5}% 20
\BOOKMARK [2][-]{subsection.1.5.2}{\376\377\0001\000.\0005\000.\0002\000\040\000M\000\351\000t\000h\000o\000d\000e\000s\000\040\000d\000e\000\040\000p\000r\000\351\000t\000r\000a\000i\000t\000e\000m\000e\000n\000t\000\040\000d\000e\000s\000\040\000I\000R\000M}{section.1.5}% 21
\BOOKMARK [2][-]{subsection.1.5.3}{\376\377\0001\000.\0005\000.\0003\000\040\000E\000x\000t\000r\000a\000c\000t\000i\000o\000n\000\040\000r\000a\000d\000i\000o\000m\000i\000q\000u\000e\000\040\000e\000t\000\040\000s\000t\000a\000n\000d\000a\000r\000d\000i\000s\000a\000t\000i\000o\000n\000\040\000I\000B\000S\000I}{section.1.5}% 22
\BOOKMARK [1][-]{section.1.6}{\376\377\0001\000.\0006\000\040\000S\000o\000l\000u\000t\000i\000o\000n\000\040\000p\000r\000o\000p\000o\000s\000\351\000e}{chapter.1}% 23
\BOOKMARK [1][-]{section.1.6}{\376\377\000C\000o\000n\000c\000l\000u\000s\000i\000o\000n\000\040\000d\000u\000\040\000c\000h\000a\000p\000i\000t\000r\000e}{chapter.1}% 24
\BOOKMARK [0][-]{chapter.2}{\376\377\0002\000\040\000M\000A\000T\000\311\000R\000I\000E\000L\000\040\000E\000T\000\040\000M\000\311\000T\000H\000O\000D\000E\000S}{}% 25
\BOOKMARK [1][-]{section.2.1}{\376\377\0002\000.\0001\000\040\000P\000r\000\351\000s\000e\000n\000t\000a\000t\000i\000o\000n\000\040\000g\000\351\000n\000\351\000r\000a\000l\000e}{chapter.2}% 26
\BOOKMARK [1][-]{section.2.2}{\376\377\0002\000.\0002\000\040\000M\000a\000t\000\351\000r\000i\000e\000l\000s}{chapter.2}% 27
\BOOKMARK [2][-]{subsection.2.2.1}{\376\377\0002\000.\0002\000.\0001\000\040\000J\000e\000u\000\040\000d\000e\000\040\000d\000o\000n\000n\000\351\000e\000s\000\040\000I\000-\000S\000P\000Y\000\040\0002}{section.2.2}% 28
\BOOKMARK [2][-]{subsection.2.2.2}{\376\377\0002\000.\0002\000.\0002\000\040\000O\000r\000g\000a\000n\000i\000s\000a\000t\000i\000o\000n\000\040\000d\000e\000s\000\040\000d\000o\000n\000n\000\351\000e\000s\000\040\000s\000e\000l\000o\000n\000\040\000l\000e\000\040\000s\000t\000a\000n\000d\000a\000r\000d\000\040\000B\000I\000D\000S}{section.2.2}% 29
\BOOKMARK [2][-]{subsection.2.2.3}{\376\377\0002\000.\0002\000.\0003\000\040\000E\000n\000v\000i\000r\000o\000n\000n\000e\000m\000e\000n\000t\000\040\000d\000e\000\040\000d\000\351\000v\000e\000l\000o\000p\000p\000e\000m\000e\000n\000t\000\040\000\046\000\040\000m\000a\000t\000\351\000r\000i\000e\000l}{section.2.2}% 30
\BOOKMARK [1][-]{section.2.3}{\376\377\0002\000.\0003\000\040\000C\000o\000n\000c\000e\000p\000t\000i\000o\000n\000\040\000d\000e\000\040\000l\000a\000\040\000p\000i\000p\000e\000l\000i\000n\000e}{chapter.2}% 31
\BOOKMARK [2][-]{subsection.2.3.1}{\376\377\0002\000.\0003\000.\0001\000\040\000A\000r\000c\000h\000i\000t\000e\000c\000t\000u\000r\000e\000\040\000g\000\351\000n\000\351\000r\000a\000l\000e\000\040\000\046\000\040\000D\000i\000a\000g\000r\000a\000m\000m\000e\000\040\000f\000o\000n\000c\000t\000i\000o\000n\000n\000e\000l}{section.2.3}% 32
\BOOKMARK [2][-]{subsection.2.3.2}{\376\377\0002\000.\0003\000.\0002\000\040\000A\000r\000c\000h\000i\000t\000e\000c\000t\000u\000r\000e\000\040\000l\000o\000g\000i\000c\000i\000e\000l\000l\000e\000\040\000e\000n\000\040\000p\000a\000c\000k\000a\000g\000e\000s\000\040\000P\000y\000t\000h\000o\000n}{section.2.3}% 33
\BOOKMARK [1][-]{section.2.4}{\376\377\0002\000.\0004\000\040\000M\000o\000d\000u\000l\000e\000s\000\040\000d\000e\000\040\000l\000a\000\040\000p\000i\000p\000e\000l\000i\000n\000e}{chapter.2}% 34
\BOOKMARK [2][-]{subsection.2.4.1}{\376\377\0002\000.\0004\000.\0001\000\040\000E\000x\000t\000r\000a\000c\000t\000i\000o\000n\000,\000\040\000C\000o\000n\000v\000e\000r\000s\000i\000o\000n\000\040\000e\000t\000\040\000B\000I\000D\000S}{section.2.4}% 35
\BOOKMARK [2][-]{subsection.2.4.2}{\376\377\0002\000.\0004\000.\0002\000\040\000B\000i\000b\000l\000i\000o\000t\000h\000\350\000q\000u\000e\000\040\000d\000e\000\040\000p\000r\000\351\000t\000r\000a\000i\000t\000e\000m\000e\000n\000t\000\040\000e\000t\000\040\000D\000i\000a\000g\000r\000a\000m\000m\000e\000s\000\040\000d\000e\000\040\000c\000l\000a\000s\000s\000e\000s}{section.2.4}% 36
\BOOKMARK [1][-]{section.2.5}{\376\377\0002\000.\0005\000\040\000M\000\351\000t\000h\000o\000d\000e\000s\000\040\000d\000e\000\040\000p\000r\000\351\000t\000r\000a\000i\000t\000e\000m\000e\000n\000t}{chapter.2}% 37
\BOOKMARK [1][-]{section.2.6}{\376\377\0002\000.\0006\000\040\000P\000r\000o\000t\000o\000c\000o\000l\000e\000s\000\040\000d\000'\000e\000x\000t\000r\000a\000c\000t\000i\000o\000n\000\040\000r\000a\000d\000i\000o\000m\000i\000q\000u\000e\000\040\000e\000t\000\040\000d\000'\000a\000n\000a\000l\000y\000s\000e\000\040\000s\000t\000a\000t\000i\000s\000t\000i\000q\000u\000e}{chapter.2}% 38
\BOOKMARK [1][-]{section.2.6}{\376\377\000C\000o\000n\000c\000l\000u\000s\000i\000o\000n\000\040\000d\000u\000\040\000c\000h\000a\000p\000i\000t\000r\000e}{chapter.2}% 39
\BOOKMARK [0][-]{chapter.3}{\376\377\0003\000\040\000R\000\351\000s\000u\000l\000t\000a\000t\000s\000\040\000e\000t\000\040\000d\000i\000s\000c\000u\000s\000s\000i\000o\000n}{}% 40
\BOOKMARK [1][-]{section.3.1}{\376\377\0003\000.\0001\000\040\000P\000r\000\351\000s\000e\000n\000t\000a\000t\000i\000o\000n\000\040\000d\000e\000s\000\040\000r\000\351\000s\000u\000l\000t\000a\000t\000s}{chapter.3}% 41
\BOOKMARK [1][-]{section.3.2}{\376\377\0003\000.\0002\000\040\000R\000\351\000s\000u\000l\000t\000a\000t\000s\000\040\000d\000e\000s\000\040\000d\000i\000f\000f\000\351\000r\000e\000n\000t\000s\000\040\000m\000o\000d\000u\000l\000e\000s\000\040\000d\000e\000\040\000l\000a\000\040\000p\000i\000p\000e\000l\000i\000n\000e}{chapter.3}% 42
\BOOKMARK [2][-]{subsection.3.2.1}{\376\377\0003\000.\0002\000.\0001\000\040\000R\000\351\000s\000u\000l\000t\000a\000t\000s\000\040\000d\000e\000\040\000l\000'\000e\000x\000t\000r\000a\000c\000t\000i\000o\000n\000\040\000d\000e\000s\000\040\000d\000o\000n\000n\000\351\000e\000s}{section.3.2}% 43
\BOOKMARK [2][-]{subsection.3.2.2}{\376\377\0003\000.\0002\000.\0002\000\040\000R\000\351\000s\000u\000l\000t\000a\000t\000s\000\040\000d\000e\000\040\000l\000a\000\040\000c\000o\000n\000v\000e\000r\000s\000i\000o\000n\000\040\000D\000I\000C\000O\000M\000\040\000v\000e\000r\000s\000\040\000N\000I\000f\000T\000I}{section.3.2}% 44
\BOOKMARK [2][-]{subsection.3.2.3}{\376\377\0003\000.\0002\000.\0003\000\040\000R\000\351\000s\000u\000l\000t\000a\000t\000s\000\040\000d\000e\000\040\000l\000'\000o\000r\000g\000a\000n\000i\000s\000a\000t\000i\000o\000n\000\040\000d\000e\000s\000\040\000d\000o\000n\000n\000\351\000e\000s\000\040\000s\000e\000l\000o\000n\000\040\000B\000I\000D\000S}{section.3.2}% 45
\BOOKMARK [2][-]{subsection.3.2.4}{\376\377\0003\000.\0002\000.\0004\000\040\000R\000\351\000s\000u\000l\000t\000a\000t\000s\000\040\000d\000e\000s\000\040\000m\000\351\000t\000h\000o\000d\000e\000s\000\040\000d\000e\000\040\000p\000r\000\351\000t\000r\000a\000i\000t\000e\000m\000e\000n\000t}{section.3.2}% 46
\BOOKMARK [2][-]{subsection.3.2.5}{\376\377\0003\000.\0002\000.\0005\000\040\000G\000a\000l\000e\000r\000i\000e\000\040\000d\000e\000s\000\040\000v\000i\000s\000u\000a\000l\000i\000s\000a\000t\000i\000o\000n\000s\000\040\000m\000u\000l\000t\000i\000p\000l\000a\000n\000a\000i\000r\000e\000s\000\040\000t\000r\000i\000d\000i\000m\000e\000n\000s\000i\000o\000n\000n\000e\000l\000l\000e\000s}{section.3.2}% 47
\BOOKMARK [2][-]{subsection.3.2.6}{\376\377\0003\000.\0002\000.\0006\000\040\000R\000\351\000s\000u\000l\000t\000a\000t\000s\000\040\000d\000e\000\040\000l\000'\000e\000x\000t\000r\000a\000c\000t\000i\000o\000n\000\040\000r\000a\000d\000i\000o\000m\000i\000q\000u\000e}{section.3.2}% 48
\BOOKMARK [1][-]{section.3.3}{\376\377\0003\000.\0003\000\040\000A\000n\000a\000l\000y\000s\000e\000\040\000s\000t\000a\000t\000i\000s\000t\000i\000q\000u\000e}{chapter.3}% 49
\BOOKMARK [2][-]{subsection.3.3.1}{\376\377\0003\000.\0003\000.\0001\000\040\000C\000o\000m\000p\000a\000r\000a\000i\000s\000o\000n\000\040\000d\000e\000s\000\040\000m\000\351\000t\000h\000o\000d\000e\000s\000\040\000d\000e\000\040\000p\000r\000\351\000t\000r\000a\000i\000t\000e\000m\000e\000n\000t}{section.3.3}% 50
\BOOKMARK [2][-]{subsection.3.3.2}{\376\377\0003\000.\0003\000.\0002\000\040\000V\000i\000s\000u\000a\000l\000i\000s\000a\000t\000i\000o\000n\000\040\000d\000e\000s\000\040\000r\000\351\000s\000u\000l\000t\000a\000t\000s}{section.3.3}% 51
\BOOKMARK [2][-]{subsection.3.3.3}{\376\377\0003\000.\0003\000.\0003\000\040\000P\000r\000\351\000s\000e\000n\000t\000a\000t\000i\000o\000n\000\040\000d\000e\000s\000\040\000t\000a\000b\000l\000e\000a\000u\000x\000\040\000d\000e\000\040\000r\000\351\000s\000u\000l\000t\000a\000t\000s}{section.3.3}% 52
\BOOKMARK [2][-]{subsection.3.3.4}{\376\377\0003\000.\0003\000.\0004\000\040\000I\000n\000t\000e\000r\000p\000r\000\351\000t\000a\000t\000i\000o\000n\000\040\000d\000e\000s\000\040\000r\000\351\000s\000u\000l\000t\000a\000t\000s}{section.3.3}% 53
\BOOKMARK [1][-]{section.3.4}{\376\377\0003\000.\0004\000\040\000D\000i\000s\000c\000u\000s\000s\000i\000o\000n}{chapter.3}% 54
\BOOKMARK [2][-]{subsection.3.4.1}{\376\377\0003\000.\0004\000.\0001\000\040\000A\000n\000a\000l\000y\000s\000e\000\040\000d\000e\000s\000\040\000r\000\351\000s\000u\000l\000t\000a\000t\000s}{section.3.4}% 55
\BOOKMARK [2][-]{subsection.3.4.2}{\376\377\0003\000.\0004\000.\0002\000\040\000L\000i\000m\000i\000t\000e\000s\000\040\000d\000e\000\040\000l\000'\000\351\000t\000u\000d\000e}{section.3.4}% 56
\BOOKMARK [1][-]{section.3.5}{\376\377\0003\000.\0005\000\040\000C\000o\000n\000c\000l\000u\000s\000i\000o\000n\000\040\000d\000u\000\040\000c\000h\000a\000p\000i\000t\000r\000e}{chapter.3}% 57
\BOOKMARK [0][-]{chapter*.2}{\376\377\000C\000o\000n\000c\000l\000u\000s\000i\000o\000n\000\040\000g\000\351\000n\000\351\000r\000a\000l\000e\000\040\000e\000t\000\040\000p\000e\000r\000s\000p\000e\000c\000t\000i\000v\000e\000s}{}% 58
\BOOKMARK [0][-]{chapter*.3}{\376\377\000R\000\351\000f\000\351\000r\000e\000n\000c\000e\000s\000\040\000b\000i\000b\000l\000i\000o\000g\000r\000a\000p\000h\000i\000q\000u\000e\000s}{}% 59
